HI-TECH Software 8051-C Compiler V9.60

Linker command line:

--edf=C:\PROGRA~2\HI-TEC~1\HC51\lite\9.60\dat\en_msgs.txt \
  -h+Z:\project1.sym -z -Q8051AH -ol.obj -MZ:\project1.map -E1 \
  -ver=8051-C#V9.60 -ACODE=00h-0FFFh -pvectors=00h \
  -prbit=0/20h,rbss,rdata/CODE,irdata/CODE,idata/rbss -pbss=XDATA/idata \
  -pdata=CODE+100h -pconst=CODE+100h -pstrings=CODE+100h -pnvram=bss,heap \
  C:\Users\binga\AppData\Local\Temp\s6h8.obj Z:\main_0.obj \
  C:\PROGRA~2\HI-TEC~1\HC51\lite\9.60\lib\51--nsc.lib 

Object code version is 3.8

Machine type is 8051AH

Call graph:

*start1 size 0,0 offset 0
*    _main size 0,25 offset 0
         _setInstruction size 0,0 offset 25
         _setData size 0,0 offset 25
*        _delay size 0,6 offset 25

		Name          Link     Load   Length Selector Space Scale
C:\Users\binga\AppData\Local\Temp\s6h8.obj
		vectors          0        0        3       0     0
		text            44       44       14       0     0
Z:\main_0.obj   data           100      100       14     100     0
		text           114      114      153     100     0

C:\PROGRA~2\HI-TEC~1\HC51\lite\9.60\lib\51--nsc.lib
powerup.obj     text            58       58        3       0     0
str_cops.obj    text             3        3       41       0     0

COMMON          rbss            20       20       1F      20     1

TOTAL		Name          Link     Load   Length
	CLASS	CODE     
		vectors          0        0        3
		data           100      100       14
		text            44       44       14
		text           114      114      153
		text            58       58        3
		text             3        3       41

	CLASS	DATA     
		rbss            20       20       1F

	CLASS	XDATA    

	CLASS	BITSEG   



SEGMENTS	Name		Load	Length	 Top	Selector    Space Class

		vectors         000000	00005B	00005B	       0       0  CODE    
		rbit            000020	00001F	00003F	      20       1  BITSEG  
		data            000100	000167	000267	     100       0  CODE    


UNUSED ADDRESS RANGES

	CODE             05B-0FF
	                 267-FFF

                                  Symbol Table

?a_delay               rbss    039  ?a_main                rbss    020
__Bbss                 bss     03F  __Bidata               idata   03F
__Birdata              irdata  003  __Brbit                rbit    020
__Brdata               rdata   003  __Hbss                 bss     03F
__Hcode                code    03F  __Hconst               const   100
__Hdata                data    114  __Hheap                heap    03F
__Hidata               idata   03F  __Hirdata              irdata  03F
__Hnvram               nvram   03F  __Hrbit                rbit    000
__Hrbss                rbss    03F  __Hrdata               rdata   03F
__Hstrings             strings 100  __Htext                text    03F
__Hvectors             vectors 003  __Lbss                 bss     03F
__Lcode                code    03F  __Lconst               const   100
__Ldata                data    100  __Lheap                heap    03F
__Lidata               idata   03F  __Lirdata              irdata  03F
__Lnvram               nvram   03F  __Lrbit                rbit    000
__Lrbss                rbss    020  __Lrdata               rdata   03F
__Lstrings             strings 100  __Ltext                text    03F
__Lvectors             vectors 000  __S0                   (abs)   267
_delay                 text    13D  _exit                  text    055
_main                  text    19B  _resetInstructionInput text    12F
_setData               text    122  _setInstruction        text    114
intlevel0              (abs)   000  intlevel1              (abs)   000
powerup                text    058  small_model            (abs)   001
stack_internal         (abs)   001  start                  vectors 000
start1                 text    044  str_copy               text    019
str_load               text    019  str_xcopy              text    003
strx_copy              text    019  strx_load              text    019
strx_xcopy             text    003  
