HI-TECH Software 8051-C Compiler V9.60

Linker command line:

--edf=C:\PROGRA~2\HI-TEC~1\HC51\lite\9.60\dat\en_msgs.txt \
  -h+Z:\project1.sym -z -Q8051AH -ol.obj -MZ:\project1.map -E1 \
  -ver=8051-C#V9.60 -ACODE=00h-0FFFh -pvectors=00h \
  -prbit=0/20h,rbss,rdata/CODE,irdata/CODE,idata/rbss -pbss=XDATA/idata \
  -pdata=CODE+100h -pconst=CODE+100h -pstrings=CODE+100h -pnvram=bss,heap \
  C:\Users\D899~1\AppData\Local\Temp\s3o8.obj Z:\main_0.obj \
  C:\PROGRA~2\HI-TEC~1\HC51\lite\9.60\lib\51--nsc.lib 

Object code version is 3.8

Machine type is 8051AH

Call graph:

*start1 size 0,0 offset 0
*    _main size 0,4 offset 0
*        _tput size 0,1 offset 5
*        _getChar size 0,1 offset 4
*            _tput size 0,1 offset 5

		Name          Link     Load   Length Selector Space Scale
C:\Users\D899~1\AppData\Local\Temp\s3o8.obj
		vectors          0        0        3       0     0
		text            9E       9E       14       0     0
Z:\main_0.obj   text             3        3       9B       0     0

C:\PROGRA~2\HI-TEC~1\HC51\lite\9.60\lib\51--nsc.lib
powerup.obj     text            B2       B2        3       0     0

COMMON          rbss            20       20        6      20     1

TOTAL		Name          Link     Load   Length
	CLASS	CODE     
		vectors          0        0        3
		text            9E       9E       14
		text             3        3       9B
		text            B2       B2        3

	CLASS	DATA     
		rbss            20       20        6

	CLASS	XDATA    

	CLASS	BITSEG   



SEGMENTS	Name		Load	Length	 Top	Selector    Space Class

		vectors         000000	0000B5	0000B5	       0       0  CODE    
		rbit            000020	000006	000026	      20       1  BITSEG  


UNUSED ADDRESS RANGES

	CODE             0B5-FFF

                                  Symbol Table

?a_getChar     rbss    024  ?a_main        rbss    020
?a_tput        rbss    025  __Bbss         bss     026
__Bidata       idata   026  __Birdata      irdata  003
__Brbit        rbit    020  __Brdata       rdata   003
__Hbss         bss     026  __Hcode        code    026
__Hconst       const   100  __Hdata        data    100
__Hheap        heap    026  __Hidata       idata   026
__Hirdata      irdata  026  __Hnvram       nvram   026
__Hrbit        rbit    000  __Hrbss        rbss    026
__Hrdata       rdata   026  __Hstrings     strings 100
__Htext        text    026  __Hvectors     vectors 003
__Lbss         bss     026  __Lcode        code    026
__Lconst       const   100  __Ldata        data    100
__Lheap        heap    026  __Lidata       idata   026
__Lirdata      irdata  026  __Lnvram       nvram   026
__Lrbit        rbit    000  __Lrbss        rbss    020
__Lrdata       rdata   026  __Lstrings     strings 100
__Ltext        text    026  __Lvectors     vectors 000
__S0           (abs)   100  _exit          text    0AF
_getChar       text    017  _main          text    033
_tput          text    003  intlevel0      (abs)   000
intlevel1      (abs)   000  powerup        text    0B2
small_model    (abs)   001  stack_internal (abs)   001
start          vectors 000  start1         text    09E
