HI-TECH Software 8051-C Compiler V9.60

Linker command line:

--edf=C:\PROGRA~2\HI-TEC~1\HC51\lite\9.60\dat\en_msgs.txt \
  -h+Z:\project1.sym -z -Q8051AH -ol.obj -MZ:\project1.map -E1 \
  -ver=8051-C#V9.60 -ACODE=00h-0FFFh -pvectors=00h \
  -prbit=0/20h,rbss,rdata/CODE,irdata/CODE,idata/rbss -pbss=XDATA/idata \
  -pdata=CODE+100h -pconst=CODE+100h -pstrings=CODE+100h -pnvram=bss,heap \
  C:\Users\class\AppData\Local\Temp\sb3k.obj Z:\main_0.obj \
  C:\PROGRA~2\HI-TEC~1\HC51\lite\9.60\lib\51--nsc.lib 

Object code version is 3.8

Machine type is 8051AH

Call graph:

*start1 size 0,0 offset 0
*    _main size 0,24 offset 0
         _strlen size 0,0 offset 24
         _setInstruction size 0,0 offset 24
         _setData size 0,0 offset 24
*        _delay size 0,6 offset 24
         _resetInstructionInput size 0,0 offset 24

		Name          Link     Load   Length Selector Space Scale
C:\Users\class\AppData\Local\Temp\sb3k.obj
		vectors          0        0        3       0     0
		text           396      396       14     100     0
Z:\main_0.obj   data           100      100        C     100     0
		strings        10C      10C        2     100     0
		text           10E      10E      1D4     100     0

C:\PROGRA~2\HI-TEC~1\HC51\lite\9.60\lib\51--nsc.lib
ldc_byte.obj    text           2E2      2E2       73     100     0
powerup.obj     text            EF       EF        3       0     0
strlen.obj      text            C3       C3       2C       0     0
str_cops.obj    text           355      355       41     100     0
div.obj         text             3        3       C0       0     0

COMMON          rbss            20       20       1E      20     1

TOTAL		Name          Link     Load   Length
	CLASS	CODE     
		vectors          0        0        3
		data           100      100        C
		text           396      396       14
		strings        10C      10C        2
		text           10E      10E      1D4
		text           2E2      2E2       73
		text            EF       EF        3
		text            C3       C3       2C
		text           355      355       41
		text             3        3       C0

	CLASS	DATA     
		rbss            20       20       1E

	CLASS	XDATA    

	CLASS	BITSEG   



SEGMENTS	Name		Load	Length	 Top	Selector    Space Class

		vectors         000000	0000F2	0000F2	       0       0  CODE    
		rbit            000020	00001E	00003E	      20       1  BITSEG  
		data            000100	0002AA	0003AA	     100       0  CODE    


UNUSED ADDRESS RANGES

	CODE             0F2-0FF
	                 3AA-FFF

                                  Symbol Table

?a_delay               rbss    038  ?a_main                rbss    020
__Bbss                 bss     03E  __Bidata               idata   03E
__Birdata              irdata  003  __Brbit                rbit    020
__Brdata               rdata   003  __Hbss                 bss     03E
__Hcode                code    03E  __Hconst               const   100
__Hdata                data    10C  __Hheap                heap    03E
__Hidata               idata   03E  __Hirdata              irdata  03E
__Hnvram               nvram   03E  __Hrbit                rbit    000
__Hrbss                rbss    03E  __Hrdata               rdata   03E
__Hstrings             strings 10E  __Htext                text    03E
__Hvectors             vectors 003  __Lbss                 bss     03E
__Lcode                code    03E  __Lconst               const   100
__Ldata                data    100  __Lheap                heap    03E
__Lidata               idata   03E  __Lirdata              irdata  03E
__Lnvram               nvram   03E  __Lrbit                rbit    000
__Lrbss                rbss    020  __Lrdata               rdata   03E
__Lstrings             strings 10C  __Ltext                text    03E
__Lvectors             vectors 000  __S0                   (abs)   3AA
_delay                 text    137  _exit                  text    3A7
_main                  text    195  _resetInstructionInput text    129
_setData               text    11C  _setInstruction        text    10E
_strlen                text    0C3  awdiv                  text    093
awmod                  text    08B  intlevel0              (abs)   000
intlevel1              (abs)   000  ldb_r0                 text    2F1
ldb_r1                 text    2FE  ldb_r2                 text    30B
ldb_r3                 text    318  ldb_r4                 text    325
ldb_r5                 text    332  ldb_r6                 text    33F
ldb_r7                 text    34C  ldc_byte               text    2E2
ldc_r0                 text    2ED  ldc_r1                 text    2FA
ldc_r2                 text    307  ldc_r3                 text    314
ldc_r4                 text    321  ldc_r5                 text    32E
ldc_r6                 text    33B  ldc_r7                 text    348
lwdiv                  text    058  lwmod                  text    064
powerup                text    0EF  small_model            (abs)   001
stack_internal         (abs)   001  start                  vectors 000
start1                 text    396  str_copy               text    36B
str_load               text    36B  str_xcopy              text    355
strx_copy              text    36B  strx_load              text    36B
strx_xcopy             text    355  
